// Jest Snapshot v1, https://goo.gl/fbAQLP

exports[`Storyshots recharts-sunburst basic sunburst 1`] = `
<div
  className="recharts-wrapper"
  style={
    Object {
      "cursor": "default",
      "height": 500,
      "position": "relative",
      "width": 500,
    }
  }
>
  <svg
    className="recharts-surface"
    height={500}
    style={undefined}
    version="1.1"
    viewBox="0 0 500 500"
    width={500}
  >
    <g
      className="recharts-layer"
      transform="translate( 250 , 250)"
    >
      <g
        className="recharts-layer recharts-sunburst-depth-0"
      >
        <g
          className="recharts-layer"
          onClick={[Function]}
          onMouseEnter={[Function]}
          onMouseLeave={[Function]}
        >
          <path
            d="M7.654042494670958e-15,-125A125,125,0,1,1,-7.654042494670958e-15,125A125,125,0,1,1,7.654042494670958e-15,-125Z"
            display="none"
            fill="purple"
            fillRule="evenodd"
            stroke="#fff"
          />
        </g>
        <g
          className="recharts-layer recharts-sunburst-depth-1"
        >
          <g
            className="recharts-layer"
            onClick={[Function]}
            onMouseEnter={[Function]}
            onMouseLeave={[Function]}
          >
            <path
              d="M1.0824450702943666e-14,-176.7766952966369A176.7766952966369,176.7766952966369,0,1,1,-1.0824450702943666e-14,176.7766952966369A176.7766952966369,176.7766952966369,0,1,1,1.0824450702943666e-14,-176.7766952966369M-2.2962127484012872e-14,-125A125,125,0,1,0,2.2962127484012872e-14,125A125,125,0,1,0,-2.2962127484012872e-14,-125Z"
              display={null}
              fill="purple"
              fillRule="evenodd"
              stroke="#fff"
            />
          </g>
          <g
            className="recharts-layer recharts-sunburst-depth-2"
          >
            <g
              className="recharts-layer"
              onClick={[Function]}
              onMouseEnter={[Function]}
              onMouseLeave={[Function]}
            >
              <path
                d="M1.3257190484061335e-14,-216.50635094610965A216.50635094610965,216.50635094610965,0,0,1,199.11818982648552,-85.011449112597L162.57932119384338,-69.41155754014683A176.7766952966369,176.7766952966369,0,0,0,1.0824450702943666e-14,-176.7766952966369Z"
                display={null}
                fill="purple"
                fillRule="evenodd"
                stroke="#fff"
              />
            </g>
          </g>
          <g
            className="recharts-layer recharts-sunburst-depth-2"
          >
            <g
              className="recharts-layer"
              onClick={[Function]}
              onMouseEnter={[Function]}
              onMouseLeave={[Function]}
            >
              <path
                d="M199.11818982648552,-85.011449112597A216.50635094610965,216.50635094610965,0,0,1,162.65408536917127,142.89383651060092L132.8065045778548,116.67232894655112A176.7766952966369,176.7766952966369,0,0,0,162.57932119384338,-69.41155754014683Z"
                display={null}
                fill="purple"
                fillRule="evenodd"
                stroke="#fff"
              />
            </g>
          </g>
          <g
            className="recharts-layer recharts-sunburst-depth-2"
          >
            <g
              className="recharts-layer"
              onClick={[Function]}
              onMouseEnter={[Function]}
              onMouseLeave={[Function]}
            >
              <path
                d="M162.65408536917127,142.89383651060092A216.50635094610965,216.50635094610965,0,0,1,-53.83316951614108,209.7069141917987L-43.954598850431886,171.22497843450768A176.7766952966369,176.7766952966369,0,0,0,132.8065045778548,116.67232894655112Z"
                display={null}
                fill="purple"
                fillRule="evenodd"
                stroke="#fff"
              />
            </g>
          </g>
          <g
            className="recharts-layer recharts-sunburst-depth-2"
          >
            <g
              className="recharts-layer"
              onClick={[Function]}
              onMouseEnter={[Function]}
              onMouseLeave={[Function]}
            >
              <path
                d="M-53.83316951614108,209.7069141917987A216.50635094610965,216.50635094610965,0,0,1,-168.50120818934423,135.94978057625278L-137.58066036879052,111.00253101838497A176.7766952966369,176.7766952966369,0,0,0,-43.954598850431886,171.22497843450768Z"
                display={null}
                fill="purple"
                fillRule="evenodd"
                stroke="#fff"
              />
            </g>
          </g>
          <g
            className="recharts-layer recharts-sunburst-depth-2"
          >
            <g
              className="recharts-layer"
              onClick={[Function]}
              onMouseEnter={[Function]}
              onMouseLeave={[Function]}
            >
              <path
                d="M-168.50120818934423,135.94978057625278A216.50635094610965,216.50635094610965,0,0,1,-215.61313283997546,19.646296010471946L-176.04738576695559,16.041133520444372A176.7766952966369,176.7766952966369,0,0,0,-137.58066036879052,111.00253101838497Z"
                display={null}
                fill="purple"
                fillRule="evenodd"
                stroke="#fff"
              />
            </g>
          </g>
          <g
            className="recharts-layer recharts-sunburst-depth-2"
          >
            <g
              className="recharts-layer"
              onClick={[Function]}
              onMouseEnter={[Function]}
              onMouseLeave={[Function]}
            >
              <path
                d="M-215.61313283997546,19.646296010471946A216.50635094610965,216.50635094610965,0,0,1,-192.70136667497988,-98.69743300408045L-157.34000703022113,-80.586116594175A176.7766952966369,176.7766952966369,0,0,0,-176.04738576695559,16.041133520444372Z"
                display={null}
                fill="purple"
                fillRule="evenodd"
                stroke="#fff"
              />
            </g>
          </g>
          <g
            className="recharts-layer recharts-sunburst-depth-2"
          >
            <g
              className="recharts-layer"
              onClick={[Function]}
              onMouseEnter={[Function]}
              onMouseLeave={[Function]}
            >
              <path
                d="M-192.70136667497988,-98.69743300408045A216.50635094610965,216.50635094610965,0,0,1,-121.11011572971489,-179.46403502633908L-98.88599540907343,-146.53177099849955A176.7766952966369,176.7766952966369,0,0,0,-157.34000703022113,-80.586116594175Z"
                display={null}
                fill="purple"
                fillRule="evenodd"
                stroke="#fff"
              />
            </g>
            <g
              className="recharts-layer recharts-sunburst-depth-3"
            >
              <g
                className="recharts-layer"
                onClick={[Function]}
                onMouseEnter={[Function]}
                onMouseLeave={[Function]}
              >
                <path
                  d="M-222.51237184601683,-113.96597902646181A250,250,0,0,1,-176.0028614655879,-177.547156428722L-152.42294916795237,-153.76034783696284A216.50635094610965,216.50635094610965,0,0,0,-192.70136667497988,-98.69743300408045Z"
                  display={null}
                  fill="purple"
                  fillRule="evenodd"
                  stroke="#fff"
                />
              </g>
            </g>
            <g
              className="recharts-layer recharts-sunburst-depth-3"
            >
              <g
                className="recharts-layer"
                onClick={[Function]}
                onMouseEnter={[Function]}
                onMouseLeave={[Function]}
              >
                <path
                  d="M-176.0028614655879,-177.547156428722A250,250,0,0,1,-151.96416745253885,-198.51169187344289L-131.604829478851,-171.91616811063045A216.50635094610965,216.50635094610965,0,0,0,-152.42294916795237,-153.76034783696284Z"
                  display={null}
                  fill="purple"
                  fillRule="evenodd"
                  stroke="#fff"
                />
              </g>
            </g>
            <g
              className="recharts-layer recharts-sunburst-depth-3"
            >
              <g
                className="recharts-layer"
                onClick={[Function]}
                onMouseEnter={[Function]}
                onMouseLeave={[Function]}
              >
                <path
                  d="M-151.96416745253885,-198.51169187344289A250,250,0,0,1,-143.9738677721705,-204.3808342255251L-124.68502697180132,-176.99899448596076A216.50635094610965,216.50635094610965,0,0,0,-131.604829478851,-171.91616811063045Z"
                  display={null}
                  fill="purple"
                  fillRule="evenodd"
                  stroke="#fff"
                />
              </g>
            </g>
            <g
              className="recharts-layer recharts-sunburst-depth-3"
            >
              <g
                className="recharts-layer"
                onClick={[Function]}
                onMouseEnter={[Function]}
                onMouseLeave={[Function]}
              >
                <path
                  d="M-143.9738677721705,-204.3808342255251A250,250,0,0,1,-139.84591583627525,-207.22721786462662L-121.11011572971489,-179.46403502633908A216.50635094610965,216.50635094610965,0,0,0,-124.68502697180132,-176.99899448596076Z"
                  display={null}
                  fill="purple"
                  fillRule="evenodd"
                  stroke="#fff"
                />
              </g>
            </g>
          </g>
          <g
            className="recharts-layer recharts-sunburst-depth-2"
          >
            <g
              className="recharts-layer"
              onClick={[Function]}
              onMouseEnter={[Function]}
              onMouseLeave={[Function]}
            >
              <path
                d="M-121.11011572971489,-179.46403502633908A216.50635094610965,216.50635094610965,0,0,1,-40.36996633810315,-212.70934586392863L-32.96193948722862,-173.6764536292709A176.7766952966369,176.7766952966369,0,0,0,-98.88599540907343,-146.53177099849955Z"
                display={null}
                fill="purple"
                fillRule="evenodd"
                stroke="#fff"
              />
            </g>
          </g>
          <g
            className="recharts-layer recharts-sunburst-depth-2"
          >
            <g
              className="recharts-layer"
              onClick={[Function]}
              onMouseEnter={[Function]}
              onMouseLeave={[Function]}
            >
              <path
                d="M-40.36996633810315,-212.70934586392863A216.50635094610965,216.50635094610965,0,0,1,1.5252469718617236e-13,-216.50635094610965L1.245358937595465e-13,-176.7766952966369A176.7766952966369,176.7766952966369,0,0,0,-32.96193948722862,-173.6764536292709Z"
                display={null}
                fill="purple"
                fillRule="evenodd"
                stroke="#fff"
              />
            </g>
          </g>
        </g>
      </g>
      <g
        className="recharts-layer recharts-sunburst-depth-1"
      >
        <g
          className="recharts-layer"
          onClick={[Function]}
          onMouseEnter={[Function]}
          onMouseLeave={[Function]}
        >
          <path
            d="M1.0824450702943666e-14,-176.7766952966369A176.7766952966369,176.7766952966369,0,1,1,-1.0824450702943666e-14,176.7766952966369A176.7766952966369,176.7766952966369,0,1,1,1.0824450702943666e-14,-176.7766952966369M-2.2962127484012872e-14,-125A125,125,0,1,0,2.2962127484012872e-14,125A125,125,0,1,0,-2.2962127484012872e-14,-125Z"
            display={null}
            fill="purple"
            fillRule="evenodd"
            stroke="#fff"
          />
        </g>
        <g
          className="recharts-layer recharts-sunburst-depth-2"
        >
          <g
            className="recharts-layer"
            onClick={[Function]}
            onMouseEnter={[Function]}
            onMouseLeave={[Function]}
          >
            <path
              d="M1.3257190484061335e-14,-216.50635094610965A216.50635094610965,216.50635094610965,0,0,1,199.11818982648552,-85.011449112597L162.57932119384338,-69.41155754014683A176.7766952966369,176.7766952966369,0,0,0,1.0824450702943666e-14,-176.7766952966369Z"
              display={null}
              fill="purple"
              fillRule="evenodd"
              stroke="#fff"
            />
          </g>
        </g>
        <g
          className="recharts-layer recharts-sunburst-depth-2"
        >
          <g
            className="recharts-layer"
            onClick={[Function]}
            onMouseEnter={[Function]}
            onMouseLeave={[Function]}
          >
            <path
              d="M199.11818982648552,-85.011449112597A216.50635094610965,216.50635094610965,0,0,1,162.65408536917127,142.89383651060092L132.8065045778548,116.67232894655112A176.7766952966369,176.7766952966369,0,0,0,162.57932119384338,-69.41155754014683Z"
              display={null}
              fill="purple"
              fillRule="evenodd"
              stroke="#fff"
            />
          </g>
        </g>
        <g
          className="recharts-layer recharts-sunburst-depth-2"
        >
          <g
            className="recharts-layer"
            onClick={[Function]}
            onMouseEnter={[Function]}
            onMouseLeave={[Function]}
          >
            <path
              d="M162.65408536917127,142.89383651060092A216.50635094610965,216.50635094610965,0,0,1,-53.83316951614108,209.7069141917987L-43.954598850431886,171.22497843450768A176.7766952966369,176.7766952966369,0,0,0,132.8065045778548,116.67232894655112Z"
              display={null}
              fill="purple"
              fillRule="evenodd"
              stroke="#fff"
            />
          </g>
        </g>
        <g
          className="recharts-layer recharts-sunburst-depth-2"
        >
          <g
            className="recharts-layer"
            onClick={[Function]}
            onMouseEnter={[Function]}
            onMouseLeave={[Function]}
          >
            <path
              d="M-53.83316951614108,209.7069141917987A216.50635094610965,216.50635094610965,0,0,1,-168.50120818934423,135.94978057625278L-137.58066036879052,111.00253101838497A176.7766952966369,176.7766952966369,0,0,0,-43.954598850431886,171.22497843450768Z"
              display={null}
              fill="purple"
              fillRule="evenodd"
              stroke="#fff"
            />
          </g>
        </g>
        <g
          className="recharts-layer recharts-sunburst-depth-2"
        >
          <g
            className="recharts-layer"
            onClick={[Function]}
            onMouseEnter={[Function]}
            onMouseLeave={[Function]}
          >
            <path
              d="M-168.50120818934423,135.94978057625278A216.50635094610965,216.50635094610965,0,0,1,-215.61313283997546,19.646296010471946L-176.04738576695559,16.041133520444372A176.7766952966369,176.7766952966369,0,0,0,-137.58066036879052,111.00253101838497Z"
              display={null}
              fill="purple"
              fillRule="evenodd"
              stroke="#fff"
            />
          </g>
        </g>
        <g
          className="recharts-layer recharts-sunburst-depth-2"
        >
          <g
            className="recharts-layer"
            onClick={[Function]}
            onMouseEnter={[Function]}
            onMouseLeave={[Function]}
          >
            <path
              d="M-215.61313283997546,19.646296010471946A216.50635094610965,216.50635094610965,0,0,1,-192.70136667497988,-98.69743300408045L-157.34000703022113,-80.586116594175A176.7766952966369,176.7766952966369,0,0,0,-176.04738576695559,16.041133520444372Z"
              display={null}
              fill="purple"
              fillRule="evenodd"
              stroke="#fff"
            />
          </g>
        </g>
        <g
          className="recharts-layer recharts-sunburst-depth-2"
        >
          <g
            className="recharts-layer"
            onClick={[Function]}
            onMouseEnter={[Function]}
            onMouseLeave={[Function]}
          >
            <path
              d="M-192.70136667497988,-98.69743300408045A216.50635094610965,216.50635094610965,0,0,1,-121.11011572971489,-179.46403502633908L-98.88599540907343,-146.53177099849955A176.7766952966369,176.7766952966369,0,0,0,-157.34000703022113,-80.586116594175Z"
              display={null}
              fill="purple"
              fillRule="evenodd"
              stroke="#fff"
            />
          </g>
          <g
            className="recharts-layer recharts-sunburst-depth-3"
          >
            <g
              className="recharts-layer"
              onClick={[Function]}
              onMouseEnter={[Function]}
              onMouseLeave={[Function]}
            >
              <path
                d="M-222.51237184601683,-113.96597902646181A250,250,0,0,1,-176.0028614655879,-177.547156428722L-152.42294916795237,-153.76034783696284A216.50635094610965,216.50635094610965,0,0,0,-192.70136667497988,-98.69743300408045Z"
                display={null}
                fill="purple"
                fillRule="evenodd"
                stroke="#fff"
              />
            </g>
          </g>
          <g
            className="recharts-layer recharts-sunburst-depth-3"
          >
            <g
              className="recharts-layer"
              onClick={[Function]}
              onMouseEnter={[Function]}
              onMouseLeave={[Function]}
            >
              <path
                d="M-176.0028614655879,-177.547156428722A250,250,0,0,1,-151.96416745253885,-198.51169187344289L-131.604829478851,-171.91616811063045A216.50635094610965,216.50635094610965,0,0,0,-152.42294916795237,-153.76034783696284Z"
                display={null}
                fill="purple"
                fillRule="evenodd"
                stroke="#fff"
              />
            </g>
          </g>
          <g
            className="recharts-layer recharts-sunburst-depth-3"
          >
            <g
              className="recharts-layer"
              onClick={[Function]}
              onMouseEnter={[Function]}
              onMouseLeave={[Function]}
            >
              <path
                d="M-151.96416745253885,-198.51169187344289A250,250,0,0,1,-143.9738677721705,-204.3808342255251L-124.68502697180132,-176.99899448596076A216.50635094610965,216.50635094610965,0,0,0,-131.604829478851,-171.91616811063045Z"
                display={null}
                fill="purple"
                fillRule="evenodd"
                stroke="#fff"
              />
            </g>
          </g>
          <g
            className="recharts-layer recharts-sunburst-depth-3"
          >
            <g
              className="recharts-layer"
              onClick={[Function]}
              onMouseEnter={[Function]}
              onMouseLeave={[Function]}
            >
              <path
                d="M-143.9738677721705,-204.3808342255251A250,250,0,0,1,-139.84591583627525,-207.22721786462662L-121.11011572971489,-179.46403502633908A216.50635094610965,216.50635094610965,0,0,0,-124.68502697180132,-176.99899448596076Z"
                display={null}
                fill="purple"
                fillRule="evenodd"
                stroke="#fff"
              />
            </g>
          </g>
        </g>
        <g
          className="recharts-layer recharts-sunburst-depth-2"
        >
          <g
            className="recharts-layer"
            onClick={[Function]}
            onMouseEnter={[Function]}
            onMouseLeave={[Function]}
          >
            <path
              d="M-121.11011572971489,-179.46403502633908A216.50635094610965,216.50635094610965,0,0,1,-40.36996633810315,-212.70934586392863L-32.96193948722862,-173.6764536292709A176.7766952966369,176.7766952966369,0,0,0,-98.88599540907343,-146.53177099849955Z"
              display={null}
              fill="purple"
              fillRule="evenodd"
              stroke="#fff"
            />
          </g>
        </g>
        <g
          className="recharts-layer recharts-sunburst-depth-2"
        >
          <g
            className="recharts-layer"
            onClick={[Function]}
            onMouseEnter={[Function]}
            onMouseLeave={[Function]}
          >
            <path
              d="M-40.36996633810315,-212.70934586392863A216.50635094610965,216.50635094610965,0,0,1,1.5252469718617236e-13,-216.50635094610965L1.245358937595465e-13,-176.7766952966369A176.7766952966369,176.7766952966369,0,0,0,-32.96193948722862,-173.6764536292709Z"
              display={null}
              fill="purple"
              fillRule="evenodd"
              stroke="#fff"
            />
          </g>
        </g>
      </g>
      <g
        className="recharts-layer recharts-sunburst-depth-2"
      >
        <g
          className="recharts-layer"
          onClick={[Function]}
          onMouseEnter={[Function]}
          onMouseLeave={[Function]}
        >
          <path
            d="M1.3257190484061335e-14,-216.50635094610965A216.50635094610965,216.50635094610965,0,0,1,199.11818982648552,-85.011449112597L162.57932119384338,-69.41155754014683A176.7766952966369,176.7766952966369,0,0,0,1.0824450702943666e-14,-176.7766952966369Z"
            display={null}
            fill="purple"
            fillRule="evenodd"
            stroke="#fff"
          />
        </g>
      </g>
      <g
        className="recharts-layer recharts-sunburst-depth-2"
      >
        <g
          className="recharts-layer"
          onClick={[Function]}
          onMouseEnter={[Function]}
          onMouseLeave={[Function]}
        >
          <path
            d="M199.11818982648552,-85.011449112597A216.50635094610965,216.50635094610965,0,0,1,162.65408536917127,142.89383651060092L132.8065045778548,116.67232894655112A176.7766952966369,176.7766952966369,0,0,0,162.57932119384338,-69.41155754014683Z"
            display={null}
            fill="purple"
            fillRule="evenodd"
            stroke="#fff"
          />
        </g>
      </g>
      <g
        className="recharts-layer recharts-sunburst-depth-2"
      >
        <g
          className="recharts-layer"
          onClick={[Function]}
          onMouseEnter={[Function]}
          onMouseLeave={[Function]}
        >
          <path
            d="M162.65408536917127,142.89383651060092A216.50635094610965,216.50635094610965,0,0,1,-53.83316951614108,209.7069141917987L-43.954598850431886,171.22497843450768A176.7766952966369,176.7766952966369,0,0,0,132.8065045778548,116.67232894655112Z"
            display={null}
            fill="purple"
            fillRule="evenodd"
            stroke="#fff"
          />
        </g>
      </g>
      <g
        className="recharts-layer recharts-sunburst-depth-2"
      >
        <g
          className="recharts-layer"
          onClick={[Function]}
          onMouseEnter={[Function]}
          onMouseLeave={[Function]}
        >
          <path
            d="M-53.83316951614108,209.7069141917987A216.50635094610965,216.50635094610965,0,0,1,-168.50120818934423,135.94978057625278L-137.58066036879052,111.00253101838497A176.7766952966369,176.7766952966369,0,0,0,-43.954598850431886,171.22497843450768Z"
            display={null}
            fill="purple"
            fillRule="evenodd"
            stroke="#fff"
          />
        </g>
      </g>
      <g
        className="recharts-layer recharts-sunburst-depth-2"
      >
        <g
          className="recharts-layer"
          onClick={[Function]}
          onMouseEnter={[Function]}
          onMouseLeave={[Function]}
        >
          <path
            d="M-168.50120818934423,135.94978057625278A216.50635094610965,216.50635094610965,0,0,1,-215.61313283997546,19.646296010471946L-176.04738576695559,16.041133520444372A176.7766952966369,176.7766952966369,0,0,0,-137.58066036879052,111.00253101838497Z"
            display={null}
            fill="purple"
            fillRule="evenodd"
            stroke="#fff"
          />
        </g>
      </g>
      <g
        className="recharts-layer recharts-sunburst-depth-2"
      >
        <g
          className="recharts-layer"
          onClick={[Function]}
          onMouseEnter={[Function]}
          onMouseLeave={[Function]}
        >
          <path
            d="M-215.61313283997546,19.646296010471946A216.50635094610965,216.50635094610965,0,0,1,-192.70136667497988,-98.69743300408045L-157.34000703022113,-80.586116594175A176.7766952966369,176.7766952966369,0,0,0,-176.04738576695559,16.041133520444372Z"
            display={null}
            fill="purple"
            fillRule="evenodd"
            stroke="#fff"
          />
        </g>
      </g>
      <g
        className="recharts-layer recharts-sunburst-depth-2"
      >
        <g
          className="recharts-layer"
          onClick={[Function]}
          onMouseEnter={[Function]}
          onMouseLeave={[Function]}
        >
          <path
            d="M-192.70136667497988,-98.69743300408045A216.50635094610965,216.50635094610965,0,0,1,-121.11011572971489,-179.46403502633908L-98.88599540907343,-146.53177099849955A176.7766952966369,176.7766952966369,0,0,0,-157.34000703022113,-80.586116594175Z"
            display={null}
            fill="purple"
            fillRule="evenodd"
            stroke="#fff"
          />
        </g>
        <g
          className="recharts-layer recharts-sunburst-depth-3"
        >
          <g
            className="recharts-layer"
            onClick={[Function]}
            onMouseEnter={[Function]}
            onMouseLeave={[Function]}
          >
            <path
              d="M-222.51237184601683,-113.96597902646181A250,250,0,0,1,-176.0028614655879,-177.547156428722L-152.42294916795237,-153.76034783696284A216.50635094610965,216.50635094610965,0,0,0,-192.70136667497988,-98.69743300408045Z"
              display={null}
              fill="purple"
              fillRule="evenodd"
              stroke="#fff"
            />
          </g>
        </g>
        <g
          className="recharts-layer recharts-sunburst-depth-3"
        >
          <g
            className="recharts-layer"
            onClick={[Function]}
            onMouseEnter={[Function]}
            onMouseLeave={[Function]}
          >
            <path
              d="M-176.0028614655879,-177.547156428722A250,250,0,0,1,-151.96416745253885,-198.51169187344289L-131.604829478851,-171.91616811063045A216.50635094610965,216.50635094610965,0,0,0,-152.42294916795237,-153.76034783696284Z"
              display={null}
              fill="purple"
              fillRule="evenodd"
              stroke="#fff"
            />
          </g>
        </g>
        <g
          className="recharts-layer recharts-sunburst-depth-3"
        >
          <g
            className="recharts-layer"
            onClick={[Function]}
            onMouseEnter={[Function]}
            onMouseLeave={[Function]}
          >
            <path
              d="M-151.96416745253885,-198.51169187344289A250,250,0,0,1,-143.9738677721705,-204.3808342255251L-124.68502697180132,-176.99899448596076A216.50635094610965,216.50635094610965,0,0,0,-131.604829478851,-171.91616811063045Z"
              display={null}
              fill="purple"
              fillRule="evenodd"
              stroke="#fff"
            />
          </g>
        </g>
        <g
          className="recharts-layer recharts-sunburst-depth-3"
        >
          <g
            className="recharts-layer"
            onClick={[Function]}
            onMouseEnter={[Function]}
            onMouseLeave={[Function]}
          >
            <path
              d="M-143.9738677721705,-204.3808342255251A250,250,0,0,1,-139.84591583627525,-207.22721786462662L-121.11011572971489,-179.46403502633908A216.50635094610965,216.50635094610965,0,0,0,-124.68502697180132,-176.99899448596076Z"
              display={null}
              fill="purple"
              fillRule="evenodd"
              stroke="#fff"
            />
          </g>
        </g>
      </g>
      <g
        className="recharts-layer recharts-sunburst-depth-2"
      >
        <g
          className="recharts-layer"
          onClick={[Function]}
          onMouseEnter={[Function]}
          onMouseLeave={[Function]}
        >
          <path
            d="M-121.11011572971489,-179.46403502633908A216.50635094610965,216.50635094610965,0,0,1,-40.36996633810315,-212.70934586392863L-32.96193948722862,-173.6764536292709A176.7766952966369,176.7766952966369,0,0,0,-98.88599540907343,-146.53177099849955Z"
            display={null}
            fill="purple"
            fillRule="evenodd"
            stroke="#fff"
          />
        </g>
      </g>
      <g
        className="recharts-layer recharts-sunburst-depth-2"
      >
        <g
          className="recharts-layer"
          onClick={[Function]}
          onMouseEnter={[Function]}
          onMouseLeave={[Function]}
        >
          <path
            d="M-40.36996633810315,-212.70934586392863A216.50635094610965,216.50635094610965,0,0,1,1.5252469718617236e-13,-216.50635094610965L1.245358937595465e-13,-176.7766952966369A176.7766952966369,176.7766952966369,0,0,0,-32.96193948722862,-173.6764536292709Z"
            display={null}
            fill="purple"
            fillRule="evenodd"
            stroke="#fff"
          />
        </g>
      </g>
      <g
        className="recharts-layer recharts-sunburst-depth-3"
      >
        <g
          className="recharts-layer"
          onClick={[Function]}
          onMouseEnter={[Function]}
          onMouseLeave={[Function]}
        >
          <path
            d="M-222.51237184601683,-113.96597902646181A250,250,0,0,1,-176.0028614655879,-177.547156428722L-152.42294916795237,-153.76034783696284A216.50635094610965,216.50635094610965,0,0,0,-192.70136667497988,-98.69743300408045Z"
            display={null}
            fill="purple"
            fillRule="evenodd"
            stroke="#fff"
          />
        </g>
      </g>
      <g
        className="recharts-layer recharts-sunburst-depth-3"
      >
        <g
          className="recharts-layer"
          onClick={[Function]}
          onMouseEnter={[Function]}
          onMouseLeave={[Function]}
        >
          <path
            d="M-176.0028614655879,-177.547156428722A250,250,0,0,1,-151.96416745253885,-198.51169187344289L-131.604829478851,-171.91616811063045A216.50635094610965,216.50635094610965,0,0,0,-152.42294916795237,-153.76034783696284Z"
            display={null}
            fill="purple"
            fillRule="evenodd"
            stroke="#fff"
          />
        </g>
      </g>
      <g
        className="recharts-layer recharts-sunburst-depth-3"
      >
        <g
          className="recharts-layer"
          onClick={[Function]}
          onMouseEnter={[Function]}
          onMouseLeave={[Function]}
        >
          <path
            d="M-151.96416745253885,-198.51169187344289A250,250,0,0,1,-143.9738677721705,-204.3808342255251L-124.68502697180132,-176.99899448596076A216.50635094610965,216.50635094610965,0,0,0,-131.604829478851,-171.91616811063045Z"
            display={null}
            fill="purple"
            fillRule="evenodd"
            stroke="#fff"
          />
        </g>
      </g>
      <g
        className="recharts-layer recharts-sunburst-depth-3"
      >
        <g
          className="recharts-layer"
          onClick={[Function]}
          onMouseEnter={[Function]}
          onMouseLeave={[Function]}
        >
          <path
            d="M-143.9738677721705,-204.3808342255251A250,250,0,0,1,-139.84591583627525,-207.22721786462662L-121.11011572971489,-179.46403502633908A216.50635094610965,216.50635094610965,0,0,0,-124.68502697180132,-176.99899448596076Z"
            display={null}
            fill="purple"
            fillRule="evenodd"
            stroke="#fff"
          />
        </g>
      </g>
    </g>
  </svg>
</div>
`;
